PS G:\Study> mkdir git_challenge


    ディレクトリ: G:\Study


Mode                 LastWriteTime         Length Name
----                 -------------         ------ ----
d-----        2024/09/09     23:47                git_challenge


PS G:\Study> cd git_challenge
PS G:\Study\git_challenge> git init
Initialized empty Git repository in //JPTYOFSR50/FAS_Gdrive/hidekazutanaka/Study/git_challenge/.git/
PS G:\Study\git_challenge> git add hello_world.txt
PS G:\Study\git_challenge> git commit -m "hello_world.txtを追加"
[main (root-commit) e5f9a95] hello_world.txt繧定ｿｽ蜉
 1 file changed, 1 insertion(+)
 create mode 100644 hello_world.txt
PS G:\Study\git_challenge> git add hello_world.txt
PS G:\Study\git_challenge> git commit -m "日本語訳を追記"
[main 8bb836b] 譌･譛ｬ隱櫁ｨｳ繧定ｿｽ險
 1 file changed, 2 insertions(+), 1 deletion(-)
PS G:\Study\git_challenge> git log --oneline
8bb836b (HEAD -> main) 日本語訳を追記
e5f9a95 hello_world.txtを追加
